=========================================================================
TableEntryTest: invalid PI
=========================================================================

-------------------------------------------------------------------------
empty PI
-------------------------------------------------------------------------


Subtest failed with error:
  INVALID_ARGUMENT: Table ID 0 missing in P4Info.


