=========================================================================
TableEntryTest: invalid PI
=========================================================================

-------------------------------------------------------------------------
empty PI
-------------------------------------------------------------------------


Subtest failed with error:
  NOT_FOUND: Key not found. Table ID 0 does not exist in P4Info.
-------------------------------------------------------------------------
Invalid Table ID
-------------------------------------------------------------------------

table_id: 431

Subtest failed with error:
  NOT_FOUND: Key not found. Table ID 431 does not exist in P4Info.
-------------------------------------------------------------------------
Missing matches
-------------------------------------------------------------------------

table_id: 33554433

Subtest failed with error:
  INVALID_ARGUMENT: Expected 2 mandatory match conditions but found 0 instead.
-------------------------------------------------------------------------
Invalid match type - Expect Exact
-------------------------------------------------------------------------

table_id: 33554433
match {
  field_id: 1
  lpm {
    value: "\377\""
    prefix_len: 24
  }
}

Subtest failed with error:
  INVALID_ARGUMENT: Expected exact match type in PI.
-------------------------------------------------------------------------
Invalid match type - Expect LPM
-------------------------------------------------------------------------

table_id: 33554436
match {
  field_id: 1
  ternary {
    value: "\377\""
    mask: "\323T\022"
  }
}

Subtest failed with error:
  INVALID_ARGUMENT: Expected LPM match type in PI.
-------------------------------------------------------------------------
Invalid match type - Expect Ternary
-------------------------------------------------------------------------

table_id: 33554435
match {
  field_id: 1
  exact {
    value: "\377\""
  }
}

Subtest failed with error:
  INVALID_ARGUMENT: Expected ternary match type in PI.
-------------------------------------------------------------------------
Invalid match field id
-------------------------------------------------------------------------

table_id: 33554433
match {
  field_id: 11
  exact {
    value: "\377\""
  }
}

Subtest failed with error:
  NOT_FOUND: Key not found. Match Field 11 does not exist in table id_test_table.
-------------------------------------------------------------------------
Invalid bytestring value
-------------------------------------------------------------------------

table_id: 33554433
match {
  field_id: 2
  exact {
    value: "\377\"CE2"
  }
}

Subtest failed with error:
  INVALID_ARGUMENT: Bytestring of length 40 bits does not fit in 32 bits.
-------------------------------------------------------------------------
Invalid prefix length
-------------------------------------------------------------------------

table_id: 33554436
match {
  field_id: 1
  lpm {
    value: "\377\""
    prefix_len: 40
  }
}

Subtest failed with error:
  INVALID_ARGUMENT: Prefix length 40 is greater than bitwidth 32 in LPM.
-------------------------------------------------------------------------
Duplicate match field id
-------------------------------------------------------------------------

table_id: 33554433
match {
  field_id: 1
  exact {
    value: "\377\""
  }
}
match {
  field_id: 1
  exact {
    value: "\020$2R"
  }
}

Subtest failed with error:
  INVALID_ARGUMENT: Duplicate match field found with ID 1. 
-------------------------------------------------------------------------
Missing action
-------------------------------------------------------------------------

table_id: 33554433
match {
  field_id: 1
  exact {
    value: "\377\""
  }
}
match {
  field_id: 2
  exact {
    value: "\020$2R"
  }
}

Subtest failed with error:
  INVALID_ARGUMENT: Action missing in TableEntry with ID 33554433.
-------------------------------------------------------------------------
Invalid action
-------------------------------------------------------------------------

table_id: 33554433
match {
  field_id: 1
  exact {
    value: "\377\""
  }
}
match {
  field_id: 2
  exact {
    value: "\020$2R"
  }
}
action {
  action_profile_member_id: 12
}

Subtest failed with error:
  UNIMPLEMENTED: Unsupported action type: 2
-------------------------------------------------------------------------
Missing action ID
-------------------------------------------------------------------------

table_id: 33554433
match {
  field_id: 1
  exact {
    value: "\377\""
  }
}
match {
  field_id: 2
  exact {
    value: "\020$2R"
  }
}
action {
  action {
    action_id: 1
  }
}

Subtest failed with error:
  NOT_FOUND: Key not found. Action ID 1 missing in P4Info.
-------------------------------------------------------------------------
Invalid action ID
-------------------------------------------------------------------------

table_id: 33554433
match {
  field_id: 1
  exact {
    value: "\377\""
  }
}
match {
  field_id: 2
  exact {
    value: "\020$2R"
  }
}
action {
  action {
    action_id: 16777219
  }
}

Subtest failed with error:
  INVALID_ARGUMENT: Action ID 16777219 is not a valid action for this table.
-------------------------------------------------------------------------
Missing action params
-------------------------------------------------------------------------

table_id: 33554433
match {
  field_id: 1
  exact {
    value: "\377\""
  }
}
match {
  field_id: 2
  exact {
    value: "\020$2R"
  }
}
action {
  action {
    action_id: 16777217
    params {
      param_id: 1
      value: "T"
    }
  }
}

Subtest failed with error:
  INVALID_ARGUMENT: Expected 2 parameters, but got 1 instead in action with ID 16777217.
-------------------------------------------------------------------------
Duplicate action param id
-------------------------------------------------------------------------

table_id: 33554433
match {
  field_id: 1
  exact {
    value: "\377\""
  }
}
match {
  field_id: 2
  exact {
    value: "\020$2R"
  }
}
action {
  action {
    action_id: 16777217
    params {
      param_id: 1
      value: "T"
    }
    params {
      param_id: 1
      value: "e"
    }
  }
}

Subtest failed with error:
  INVALID_ARGUMENT: Duplicate param field found with ID 1. 
-------------------------------------------------------------------------
Invalid action param id
-------------------------------------------------------------------------

table_id: 33554433
match {
  field_id: 1
  exact {
    value: "\377\""
  }
}
match {
  field_id: 2
  exact {
    value: "\020$2R"
  }
}
action {
  action {
    action_id: 16777217
    params {
      param_id: 67
      value: "T"
    }
    params {
      param_id: 2
      value: "#"
    }
  }
}

Subtest failed with error:
  NOT_FOUND: Key not found. Unable to find param ID 67 in action with ID 16777217


=========================================================================
TableEntryTest: Valid PI
=========================================================================

-------------------------------------------------------------------------
Valid PI
-------------------------------------------------------------------------

table_id: 33554433
match {
  field_id: 1
  exact {
    value: "\377\""
  }
}
match {
  field_id: 2
  exact {
    value: "\020$2R"
  }
}
action {
  action {
    action_id: 16777217
    params {
      param_id: 1
      value: "T"
    }
    params {
      param_id: 2
      value: "#"
    }
  }
}

table_name: "id_test_table"
matches {
  name: "ipv6"
  exact {
    ipv6: "0000:0000:0000:0000:0000:0000:0000:ff22"
  }
}
matches {
  name: "ipv4"
  exact {
    ipv4: "16.36.50.82"
  }
}
action {
  name: "action1"
  params {
    name: "arg2"
    value {
      hex_str: "0x00000054"
    }
  }
  params {
    name: "arg1"
    value {
      hex_str: "0x00000023"
    }
  }
}


