=========================================================================
IrTest: invalid PI
=========================================================================

-------------------------------------------------------------------------
empty PI
-------------------------------------------------------------------------


Subtest failed with error:
  Table ID 0 missing in metadata.


