=========================================================================
MetadataCreateTest: missing action definition
=========================================================================

tables {
  preamble {
    id: 1
    name: "table1"
    alias: "table1"
  }
  action_refs {
    id: 1
  }
  size: 1024
}

Test failed with error:
  Missing definition for action with id 1


=========================================================================
MetadataCreateTest: duplicate table id
=========================================================================

tables {
  preamble {
    id: 1
    name: "table1"
    alias: "table1"
  }
}
tables {
  preamble {
    id: 1
    name: "table2"
    alias: "table2"
  }
}

Test failed with error:
  Duplicate table found with ID 1.


=========================================================================
MetadataCreateTest: duplicate match field id
=========================================================================

tables {
  preamble {
    id: 1
    name: "table1"
    alias: "table1"
  }
  match_fields {
    id: 1
    name: "field1"
    bitwidth: 1
    match_type: EXACT
  }
  match_fields {
    id: 1
    name: "field2"
    bitwidth: 1
    match_type: EXACT
  }
}

Test failed with error:
  Duplicate match field found with ID 1.


